MiViE UNIX start
Initializing heap...
[  OK  ] Initializing memory system
[  OK  ] Initializing IDT
[  OK  ] Remapping PIC
[  OK  ] Enabling interrupts
[  OK  ] Enable keyboard
VFS: Address of fs_root = 103220
RAMFS: Calling k_malloc for root node...
k_malloc: Requesting c8 bytes.
k_malloc: Allocated at 200018
RAMFS: k_malloc returned 200018
RAMFS: sizeof(vfs_node_t) = c8
RAMFS: alignof(vfs_node_t) = 1
RAMFS: Address of ramfs_root_node->read = 2000a8
Recieved Interrupt: 6
Invalid Opcode
RAX: 200018
RBX: 10bfdf
RCX: 2000e0
RDX: 0
RSI: 2000e0
RDI: 10bf80
RBP: 0
RSP: 10bf80
RIP: 101a61
CS: 8
RFLAGS: 206
Error Code: 0
SYSTEM HALTED!